[2026-01-28 12:25:48] local.DEBUG: Broadcasted conversation event {"conversation_id":14,"event":"status_changed","channel":"conversation:14:events"} 
[2026-01-28 12:25:49] local.INFO: Ollama request payload
{
    "model": "gpt-oss:latest",
    "messages": [
        {
            "role": "system",
            "content": "IMPORTANT: Before using any tool, you MUST first explain your reasoning and what you plan to do. Write your thinking process in your response, then call the appropriate tool. Never call a tool without first explaining why.\n\nYou are an AI agent running inside the user's local environment.  \nYour job is to iteratively plan and execute actions to achieve the user's goal while staying safe and honest.\n\nFollow these rules:\n\n1. Role and scope  \n   - Act as a careful, task\u2011oriented assistant.  \n   - Only work on what the user has asked for.  \n   - If the goal is unclear or underspecified, ask the user short clarification questions.\n\n2. Environment and tools  \n   - You may only use the tools and capabilities explicitly described to you by the system or user.  \n   - If you are not sure a tool exists or what it does, ask instead of assuming.  \n   - Never claim you executed an action (code, file change, API call, etc.) unless you actually did so via an allowed tool.\n\n3. Reasoning and loop behavior  \n   - Use a loop of: (a) understand the state, (b) plan the next small step, (c) take an action if a tool is available, (d) observe the result, (e) update your plan.  \n   - Prefer many small, reversible steps over large, risky changes.  \n   - Before each significant action, briefly explain what you intend to do and why.  \n   - After each action, state what happened and whether it moved you closer to the goal.\n\n4. Honesty and uncertainty  \n   - Do not invent facts, capabilities, file contents, or external data.  \n   - If you do not know something or cannot verify it, say \u201cI don\u2019t know\u201d or \u201cI\u2019m not sure\u201d and explain what you would need to know to proceed.  \n   - If the user asks for something that cannot be safely or reliably done from this environment, explain the limitation and suggest a safer alternative.\n\n5. Safety and user data  \n   - Treat all user data as sensitive and private.  \n   - Do not delete, overwrite, or transmit user data unless the user has clearly requested it.  \n   - Avoid actions that could harm the system, data, or other users (for example: destructive commands, irreversible changes) unless the user explicitly confirms after you warn them of the risks.\n\n6. Communication style  \n   - Keep messages concise, concrete, and action\u2011oriented.  \n   - Use clear step\u2011by\u2011step explanations when you describe plans or changes.  \n   - When you reach a stopping point, summarize the current state, what has been done, and propose the next 1\u20133 steps.\n\n7. When to stop  \n   - Stop when the user says they are done, when you have clearly completed the goal, or when you cannot make further safe progress.  \n   - In those cases, give a short summary and any important caveats or follow\u2011up suggestions."
        },
        {
            "role": "user",
            "content": "Okay could you read requirements.txt file in the current directory and explain the dependencies"
        }
    ],
    "stream": false,
    "options": {
        "temperature": 0.7,
        "num_ctx": 4096
    },
    "tools": [
        {
            "type": "function",
            "function": {
                "name": "bash",
                "description": "Execute a bash command on the client system",
                "parameters": {
                    "type": "object",
                    "properties": {
                        "command": {
                            "type": "string",
                            "description": "The bash command to execute"
                        }
                    },
                    "required": [
                        "command"
                    ]
                }
            }
        },
        {
            "type": "function",
            "function": {
                "name": "read",
                "description": "Read the contents of a file",
                "parameters": {
                    "type": "object",
                    "properties": {
                        "file_path": {
                            "type": "string",
                            "description": "Path to the file to read"
                        }
                    },
                    "required": [
                        "file_path"
                    ]
                }
            }
        },
        {
            "type": "function",
            "function": {
                "name": "write",
                "description": "Write content to a file",
                "parameters": {
                    "type": "object",
                    "properties": {
                        "file_path": {
                            "type": "string",
                            "description": "Path to the file to write"
                        },
                        "content": {
                            "type": "string",
                            "description": "Content to write to the file"
                        }
                    },
                    "required": [
                        "file_path",
                        "content"
                    ]
                }
            }
        },
        {
            "type": "function",
            "function": {
                "name": "edit",
                "description": "Edit a file by replacing old text with new text",
                "parameters": {
                    "type": "object",
                    "properties": {
                        "file_path": {
                            "type": "string",
                            "description": "Path to the file to edit"
                        },
                        "old_string": {
                            "type": "string",
                            "description": "The text to find and replace"
                        },
                        "new_string": {
                            "type": "string",
                            "description": "The text to replace with"
                        }
                    },
                    "required": [
                        "file_path",
                        "old_string",
                        "new_string"
                    ]
                }
            }
        },
        {
            "type": "function",
            "function": {
                "name": "glob",
                "description": "Find files matching a pattern",
                "parameters": {
                    "type": "object",
                    "properties": {
                        "pattern": {
                            "type": "string",
                            "description": "Glob pattern to match files"
                        }
                    },
                    "required": [
                        "pattern"
                    ]
                }
            }
        },
        {
            "type": "function",
            "function": {
                "name": "grep",
                "description": "Search for a pattern in files",
                "parameters": {
                    "type": "object",
                    "properties": {
                        "pattern": {
                            "type": "string",
                            "description": "Pattern to search for"
                        },
                        "path": {
                            "type": "string",
                            "description": "Path to search in"
                        }
                    },
                    "required": [
                        "pattern"
                    ]
                }
            }
        },
        {
            "type": "function",
            "function": {
                "name": "todo_add",
                "description": "Add a new todo item for this agent",
                "parameters": {
                    "type": "object",
                    "properties": {
                        "item": {
                            "type": "string",
                            "description": "The todo item description"
                        },
                        "priority": {
                            "type": "string",
                            "description": "Priority level: low, medium, high",
                            "enum": [
                                "low",
                                "medium",
                                "high"
                            ]
                        }
                    },
                    "required": [
                        "item"
                    ]
                }
            }
        },
        {
            "type": "function",
            "function": {
                "name": "todo_list",
                "description": "List all todo items for this agent",
                "parameters": {
                    "type": "object",
                    "properties": {}
                }
            }
        },
        {
            "type": "function",
            "function": {
                "name": "todo_complete",
                "description": "Mark a todo item as complete",
                "parameters": {
                    "type": "object",
                    "properties": {
                        "id": {
                            "type": "string",
                            "description": "The todo item ID"
                        }
                    },
                    "required": [
                        "id"
                    ]
                }
            }
        },
        {
            "type": "function",
            "function": {
                "name": "todo_update",
                "description": "Update a todo item",
                "parameters": {
                    "type": "object",
                    "properties": {
                        "id": {
                            "type": "string",
                            "description": "The todo item ID"
                        },
                        "item": {
                            "type": "string",
                            "description": "Updated todo description"
                        }
                    },
                    "required": [
                        "id",
                        "item"
                    ]
                }
            }
        },
        {
            "type": "function",
            "function": {
                "name": "todo_delete",
                "description": "Delete a todo item",
                "parameters": {
                    "type": "object",
                    "properties": {
                        "id": {
                            "type": "string",
                            "description": "The todo item ID to delete"
                        }
                    },
                    "required": [
                        "id"
                    ]
                }
            }
        },
        {
            "type": "function",
            "function": {
                "name": "todo_clear",
                "description": "Clear all todo items for this agent",
                "parameters": {
                    "type": "object",
                    "properties": {}
                }
            }
        }
    ]
}  
[2026-01-28 12:25:58] local.INFO: Ollama response data\n{
    "model": "gpt-oss:latest",
    "created_at": "2026-01-28T12:25:58.215952191Z",
    "message": {
        "role": "assistant",
        "content": "",
        "thinking": "We need to read requirements.txt. Use read tool. Then explain dependencies. We must first explain reasoning.",
        "tool_calls": [
            {
                "id": "call_n6f303t0",
                "function": {
                    "index": 0,
                    "name": "read",
                    "arguments": {
                        "file_path": "requirements.txt"
                    }
                }
            }
        ]
    },
    "done": true,
    "done_reason": "stop",
    "total_duration": 8642328784,
    "load_duration": 148017266,
    "prompt_eval_count": 1151,
    "prompt_eval_duration": 324887526,
    "eval_count": 46,
    "eval_duration": 8125956082
}  
[2026-01-28 12:25:58] local.DEBUG: Broadcasted conversation event {"conversation_id":14,"event":"tool_request","channel":"conversation:14:events"} 
[2026-01-28 12:25:58] local.INFO: Waiting for builtin tool {"conversation_id":14,"tool":"read"} 
